{
  "sql" : "SELECT * FROM REFILL_REQUEST",
  "content" : [ {
    "id" : "1",
    "amount" : "100.000000000",
    "date_creation" : "p(any)",
    "status_id" : "1",
    "status_modification_date" : "p(any)",
    "currency_id" : "1",
    "user_id" : "1",
    "commission_id" : "1",
    "merchant_id" : "1",
    "merchant_transaction_id" : null,
    "refill_request_param_id" : null,
    "refill_request_address_id" : null,
    "admin_holder_id" : null,
    "import_note" : null,
    "remark" : "PENDING",
    "inner_transfer_hash" : null
  } ]
}