{
  "sql" : "SELECT * FROM API_AUTH_TOKEN",
  "content" : [ ]
}
