{
  "sql" : "SELECT * FROM EXORDERS",
  "content" : [ {
    "id" : "1",
    "user_id" : "8",
    "currency_pair_id" : "8",
    "operation_type_id" : "8",
    "exrate" : "10.0",
    "amount_base" : "10.0",
    "amount_convert" : "10.0",
    "commission_id" : "8",
    "commission_fixed_amount" : "10.0",
    "user_acceptor_id" : null,
    "date_creation" : "p(any)",
    "date_acception" : null,
    "status_id" : "7",
    "status_modification_date" : null,
    "order_source_id" : "8",
    "counter_order_id" : null,
    "base_type" : "ICO"
  } ]
}