{
  "sql" : "SELECT * FROM API_AUTH_TOKEN",
  "content" : [ {
    "id" : "1",
    "username" : "username",
    "value" : "value",
    "last_request" : "p(any)"
  }, {
    "id" : "2",
    "username" : "user",
    "value" : "value1",
    "last_request" : "p(any)"
  } ]
}
