{
  "sql" : "SELECT * FROM EXORDERS",
  "content" : [ {
    "id" : "1",
    "user_id" : "1",
    "currency_pair_id" : "1",
    "operation_type_id" : "1",
    "exrate" : "0.5",
    "amount_base" : "1.0",
    "amount_convert" : "0.5",
    "commission_id" : "1",
    "commission_fixed_amount" : "0.01",
    "user_acceptor_id" : null,
    "date_creation" : "p(any)",
    "date_acception" : null,
    "status_id" : "6",
    "status_modification_date" : null,
    "order_source_id" : "1",
    "counter_order_id" : null,
    "counter_order_type" : "LIMIT",
    "base_type" : "LIMIT"
  }, {
    "id" : "2",
    "user_id" : "1",
    "currency_pair_id" : "1",
    "operation_type_id" : "1",
    "exrate" : "0.5",
    "amount_base" : "1.0",
    "amount_convert" : "0.5",
    "commission_id" : "1",
    "commission_fixed_amount" : "0.01",
    "user_acceptor_id" : null,
    "date_creation" : "p(any)",
    "date_acception" : null,
    "status_id" : "1",
    "status_modification_date" : null,
    "order_source_id" : "1",
    "counter_order_id" : null,
    "counter_order_type" : "LIMIT",
    "base_type" : "ICO"
  } ]
}
